// Jest Snapshot v1, https://goo.gl/fbAQLP

exports[`Pruebas al componente GifGridItem Debe mostrar <GifGridItem /> correctamente 1`] = `
<div
  className="card animate__animated animate__fadeInLeftBig"
>
  <img
    alt="Yugioh"
    src="https://localhost/algo.png"
  />
  <p>
    Yugioh
  </p>
</div>
`;
